2026-04-27 22:29:35  INFO      TGBot — Recovery done. Active jobs: []
2026-04-27 22:29:35  INFO      TGBot — 🤖  Bot online. OWNER_ID=5048281046
2026-04-27 22:29:35  INFO      TGBot — 📋  Loaded 0 user(s): []
2026-04-27 22:29:38  INFO      TGBot — 👋  Bot stopped.
2026-04-28 07:26:50  INFO      TGBot — Recovery done. Active jobs: []
2026-04-28 07:26:50  INFO      TGBot — 🤖  Bot online. OWNER_ID=5048281046
2026-04-28 07:26:50  INFO      TGBot — 📋  Loaded 0 user(s): []
2026-04-28 07:26:53  INFO      TGBot — 👋  Bot stopped.
2026-04-28 07:27:09  INFO      TGBot — Recovery done. Active jobs: []
2026-04-28 07:27:09  INFO      TGBot — 🤖  Bot online. OWNER_ID=5048281046
2026-04-28 07:27:09  INFO      TGBot — 📋  Loaded 0 user(s): []
2026-04-28 07:27:10  INFO      TGBot — 👋  Bot stopped.
2026-04-28 07:31:23  INFO      TGBot — Recovery done. Active jobs: []
2026-04-28 07:31:23  INFO      TGBot — 🤖  Bot online. OWNER_ID=5048281046
2026-04-28 07:31:23  INFO      TGBot — 📋  Loaded 0 user(s): []
2026-04-28 07:31:25  INFO      TGBot — 👋  Bot stopped.
2026-04-28 08:14:57  INFO      TGBot — Recovery done. Active jobs: []
2026-04-28 08:14:57  INFO      TGBot — 🤖  Bot online. OWNER_ID=5048281046
2026-04-28 08:14:57  INFO      TGBot — 📋  Loaded 0 user(s): []
2026-04-28 08:15:12  INFO      TGBot — [User 5048281046] Storage loaded. loop_active_accounts={}
2026-04-28 08:15:45  INFO      telethon.client.users — Phone migrated to 5
2026-04-28 08:15:45  INFO      telethon.client.telegrambaseclient — Reconnecting to new data center 5
2026-04-28 08:16:00  INFO      TGBot — [User 5048281046] Account saved: Ysf (+919732399359)
2026-04-28 08:16:20  WARNING   TGBot — [User 5048281046] fetch_topics failed for FLIPS: GetForumTopicsRequest.__init__() got an unexpected keyword argument 'channel'
2026-04-28 08:16:20  WARNING   TGBot — [User 5048281046] fetch_topics failed for Texted Forums: GetForumTopicsRequest.__init__() got an unexpected keyword argument 'channel'
2026-04-28 08:16:20  WARNING   TGBot — [User 5048281046] fetch_topics failed for Sector Market: GetForumTopicsRequest.__init__() got an unexpected keyword argument 'channel'
2026-04-28 08:16:20  WARNING   TGBot — [User 5048281046] fetch_topics failed for Test: GetForumTopicsRequest.__init__() got an unexpected keyword argument 'channel'
2026-04-28 08:17:14  WARNING   telethon.network.connection.connection — Server closed the connection: [WinError 1236] The network connection was aborted by the local system
2026-04-28 08:17:14  INFO      telethon.network.connection.connection — <class 'ConnectionAbortedError'> during disconnect: [WinError 1236] The network connection was aborted by the local system
2026-04-28 12:34:55  INFO      TGBot — [User 5048281046] Storage loaded. loop_active_accounts={}
2026-04-28 12:34:56  INFO      TGBot — [User 5048281046] Account reconnected: Ysf (+919732399359)
2026-04-28 12:34:56  INFO      TGBot — [User 5048281046] Recovery: loop states reset (manual restart required).
2026-04-28 12:34:56  INFO      TGBot — Recovery done. Active jobs: []
2026-04-28 12:34:56  INFO      TGBot — 🤖  Bot online. OWNER_ID=5048281046
2026-04-28 12:34:56  INFO      TGBot — 📋  Loaded 1 user(s): [5048281046]
2026-04-28 12:37:41  INFO      TGBot — [User 5048281046] Storage loaded. loop_active_accounts={}
2026-04-28 12:37:42  INFO      TGBot — [User 5048281046] Account reconnected: Ysf (+919732399359)
2026-04-28 12:37:42  INFO      TGBot — [User 5048281046] Recovery: loop states reset (manual restart required).
2026-04-28 12:37:42  INFO      TGBot — Recovery done. Active jobs: []
2026-04-28 12:37:42  INFO      TGBot — 🤖  Bot online. OWNER_ID=5048281046
2026-04-28 12:37:42  INFO      TGBot — 📋  Loaded 1 user(s): [5048281046]
2026-04-28 12:37:46  ERROR     aiogram.event — Cause exception while process update id=805993822 by bot id=8794799522
TelegramBadRequest: Telegram server says - Bad Request: query is too old and response timeout expired or query ID is invalid
Traceback (most recent call last):
  File "D:\all codes\.venv\Lib\site-packages\aiogram\dispatcher\dispatcher.py", line 320, in _process_update
    response = await self.feed_update(bot, update, **kwargs)
               ^^^^^^^^^^^^^^^^^^^^^^^^^^^^^^^^^^^^^^^^^^^^^
  File "D:\all codes\.venv\Lib\site-packages\aiogram\dispatcher\dispatcher.py", line 164, in feed_update
    response = await self.update.wrap_outer_middleware(
               ^^^^^^^^^^^^^^^^^^^^^^^^^^^^^^^^^^^^^^^^
    ...<7 lines>...
    )
    ^
  File "D:\all codes\.venv\Lib\site-packages\aiogram\dispatcher\middlewares\error.py", line 27, in __call__
    return await handler(event, data)
           ^^^^^^^^^^^^^^^^^^^^^^^^^^
  File "D:\all codes\.venv\Lib\site-packages\aiogram\dispatcher\middlewares\user_context.py", line 58, in __call__
    return await handler(event, data)
           ^^^^^^^^^^^^^^^^^^^^^^^^^^
  File "D:\all codes\.venv\Lib\site-packages\aiogram\fsm\middleware.py", line 43, in __call__
    return await handler(event, data)
           ^^^^^^^^^^^^^^^^^^^^^^^^^^
  File "D:\all codes\.venv\Lib\site-packages\aiogram\dispatcher\event\telegram.py", line 126, in trigger
    return await wrapped_inner(event, kwargs)
           ^^^^^^^^^^^^^^^^^^^^^^^^^^^^^^^^^^
  File "D:\all codes\.venv\Lib\site-packages\aiogram\dispatcher\event\handler.py", line 71, in call
    return await wrapped()
           ^^^^^^^^^^^^^^^
  File "D:\all codes\.venv\Lib\site-packages\aiogram\dispatcher\dispatcher.py", line 283, in _listen_update
    return await self.propagate_event(update_type=update_type, event=event, **kwargs)
           ^^^^^^^^^^^^^^^^^^^^^^^^^^^^^^^^^^^^^^^^^^^^^^^^^^^^^^^^^^^^^^^^^^^^^^^^^^
  File "D:\all codes\.venv\Lib\site-packages\aiogram\dispatcher\router.py", line 163, in propagate_event
    return await observer.wrap_outer_middleware(_wrapped, event=event, data=kwargs)
           ^^^^^^^^^^^^^^^^^^^^^^^^^^^^^^^^^^^^^^^^^^^^^^^^^^^^^^^^^^^^^^^^^^^^^^^^
  File "D:\all codes\.venv\Lib\site-packages\aiogram\dispatcher\router.py", line 155, in _wrapped
    return await self._propagate_event(
           ^^^^^^^^^^^^^^^^^^^^^^^^^^^^
    ...<4 lines>...
    )
    ^
  File "D:\all codes\.venv\Lib\site-packages\aiogram\dispatcher\router.py", line 191, in _propagate_event
    response = await router.propagate_event(update_type=update_type, event=event, **kwargs)
               ^^^^^^^^^^^^^^^^^^^^^^^^^^^^^^^^^^^^^^^^^^^^^^^^^^^^^^^^^^^^^^^^^^^^^^^^^^^^
  File "D:\all codes\.venv\Lib\site-packages\aiogram\dispatcher\router.py", line 163, in propagate_event
    return await observer.wrap_outer_middleware(_wrapped, event=event, data=kwargs)
           ^^^^^^^^^^^^^^^^^^^^^^^^^^^^^^^^^^^^^^^^^^^^^^^^^^^^^^^^^^^^^^^^^^^^^^^^
  File "D:\all codes\.venv\Lib\site-packages\aiogram\dispatcher\router.py", line 155, in _wrapped
    return await self._propagate_event(
           ^^^^^^^^^^^^^^^^^^^^^^^^^^^^
    ...<4 lines>...
    )
    ^
  File "D:\all codes\.venv\Lib\site-packages\aiogram\dispatcher\router.py", line 183, in _propagate_event
    response = await observer.trigger(event, **kwargs)
               ^^^^^^^^^^^^^^^^^^^^^^^^^^^^^^^^^^^^^^^
  File "D:\all codes\.venv\Lib\site-packages\aiogram\dispatcher\event\telegram.py", line 126, in trigger
    return await wrapped_inner(event, kwargs)
           ^^^^^^^^^^^^^^^^^^^^^^^^^^^^^^^^^^
  File "D:\all codes\.venv\Lib\site-packages\aiogram\dispatcher\event\handler.py", line 71, in call
    return await wrapped()
           ^^^^^^^^^^^^^^^
  File "d:\all codes\ads_refactored\ads\main.py", line 2438, in cb_sel_groups
    await cb.answer(); return
    ^^^^^^^^^^^^^^^^^
  File "D:\all codes\.venv\Lib\site-packages\aiogram\methods\base.py", line 82, in emit
    return await bot(self)
           ^^^^^^^^^^^^^^^
  File "D:\all codes\.venv\Lib\site-packages\aiogram\client\bot.py", line 493, in __call__
    return await self.session(self, method, timeout=request_timeout)
           ^^^^^^^^^^^^^^^^^^^^^^^^^^^^^^^^^^^^^^^^^^^^^^^^^^^^^^^^^
  File "D:\all codes\.venv\Lib\site-packages\aiogram\client\session\base.py", line 259, in __call__
    return cast(TelegramType, await middleware(bot, method))
                              ^^^^^^^^^^^^^^^^^^^^^^^^^^^^^
  File "D:\all codes\.venv\Lib\site-packages\aiogram\client\session\aiohttp.py", line 177, in make_request
    response = self.check_response(
        bot=bot,
    ...<2 lines>...
        content=raw_result,
    )
  File "D:\all codes\.venv\Lib\site-packages\aiogram\client\session\base.py", line 121, in check_response
    raise TelegramBadRequest(method=method, message=description)
aiogram.exceptions.TelegramBadRequest: Telegram server says - Bad Request: query is too old and response timeout expired or query ID is invalid
2026-04-28 12:38:02  WARNING   TGBot — [User 5048281046] fetch_topics failed for Texted Forums: GetForumTopicsRequest.__init__() got an unexpected keyword argument 'channel'
2026-04-28 12:38:02  WARNING   TGBot — [User 5048281046] fetch_topics failed for Sector Market: GetForumTopicsRequest.__init__() got an unexpected keyword argument 'channel'
2026-04-28 12:38:02  WARNING   TGBot — [User 5048281046] fetch_topics failed for FLIPS: GetForumTopicsRequest.__init__() got an unexpected keyword argument 'channel'
2026-04-28 12:38:02  WARNING   TGBot — [User 5048281046] fetch_topics failed for Test: GetForumTopicsRequest.__init__() got an unexpected keyword argument 'channel'
2026-04-28 12:48:00  INFO      TGBot — [User 5048281046] Storage loaded. loop_active_accounts={}
2026-04-28 12:48:01  INFO      TGBot — [User 5048281046] Account reconnected: Ysf (+919732399359)
2026-04-28 12:48:01  INFO      TGBot — [User 5048281046] Recovery: loop states reset (manual restart required).
2026-04-28 12:48:01  INFO      TGBot — Recovery done. Active jobs: []
2026-04-28 12:48:01  INFO      TGBot — 🤖  Bot online. OWNER_ID=5048281046
2026-04-28 12:48:01  INFO      TGBot — 📋  Loaded 1 user(s): [5048281046]
2026-04-28 13:01:33  INFO      TGBot — [User 5048281046] Storage loaded. loop_active_accounts={}
2026-04-28 13:01:34  INFO      TGBot — [User 5048281046] Account reconnected: Ysf (+919732399359)
2026-04-28 13:01:34  INFO      TGBot — [User 5048281046] Recovery: loop states reset (manual restart required).
2026-04-28 13:01:34  INFO      TGBot — Recovery done. Active jobs: []
2026-04-28 13:01:34  INFO      TGBot — 🤖  Bot online. OWNER_ID=5048281046
2026-04-28 13:01:34  INFO      TGBot — 📋  Loaded 1 user(s): [5048281046]
2026-04-28 16:00:37  INFO      TGBot — [User 5048281046] Storage loaded. loop_active_accounts={}
2026-04-28 16:00:37  INFO      TGBot — [User 5048281046] Account reconnected: Ysf (+919732399359)
2026-04-28 16:00:37  INFO      TGBot — [User 5048281046] Recovery: loop states reset (manual restart required).
2026-04-28 16:00:37  INFO      TGBot — Recovery done. Active jobs: []
2026-04-28 16:00:37  INFO      TGBot — 🤖  Bot online. OWNER_ID=5048281046
2026-04-28 16:00:37  INFO      TGBot — 📋  Loaded 1 user(s): [5048281046]
2026-04-28 16:02:26  WARNING   TGBot — [User 5048281046] log_out() failed for +919732399359: Cannot send requests while disconnected
2026-04-28 16:02:26  INFO      TGBot — [User 5048281046] Deleted: 919732399359.session
2026-04-28 16:02:26  INFO      TGBot — [User 5048281046] Runtime caches cleaned (phone=+919732399359).
2026-04-28 16:02:26  INFO      TGBot — [User 5048281046] Account logged out and fully cleaned: +919732399359
2026-04-28 16:02:40  INFO      telethon.client.users — Phone migrated to 5
2026-04-28 16:02:40  INFO      telethon.client.telegrambaseclient — Reconnecting to new data center 5
2026-04-28 16:03:08  INFO      TGBot — [User 5048281046] Account saved: Ysf (+919732399359)
2026-04-28 16:05:38  INFO      TGBot — [User 5048281046] Forum scan done - 0 group(s) found.
2026-04-28 17:02:13  INFO      TGBot — [User 5048281046] Storage loaded. loop_active_accounts={}
2026-04-28 17:02:13  INFO      TGBot — [User 5048281046] Account reconnected: Ysf (+919732399359)
2026-04-28 17:02:13  INFO      TGBot — [User 5048281046] Recovery: loop states reset (manual restart required).
2026-04-28 17:02:13  INFO      TGBot — Recovery done. Active jobs: []
2026-04-28 17:02:13  INFO      TGBot — 🤖  Bot online. OWNER_ID=5048281046
2026-04-28 17:02:13  INFO      TGBot — 📋  Loaded 1 user(s): [5048281046]
2026-04-28 17:02:13  INFO      TGBot — [AutoFetch] Background polling started (interval=120s).
2026-04-28 17:04:14  WARNING   TGBot — [UnifiedFetch] Failed to fetch topics for -1002528685086: GetForumTopicsRequest.__init__() got an unexpected keyword argument 'channel'
2026-04-28 17:04:14  WARNING   TGBot — [UnifiedFetch] Failed to fetch topics for -1002256623070: GetForumTopicsRequest.__init__() got an unexpected keyword argument 'channel'
2026-04-28 17:04:14  WARNING   TGBot — [UnifiedFetch] Failed to fetch topics for -1002387132758: GetForumTopicsRequest.__init__() got an unexpected keyword argument 'channel'
2026-04-28 17:04:14  WARNING   TGBot — [UnifiedFetch] Failed to fetch topics for -1003769414150: GetForumTopicsRequest.__init__() got an unexpected keyword argument 'channel'
2026-04-28 17:06:16  WARNING   TGBot — [UnifiedFetch] Failed to fetch topics for -1002528685086: GetForumTopicsRequest.__init__() got an unexpected keyword argument 'channel'
2026-04-28 17:06:16  WARNING   TGBot — [UnifiedFetch] Failed to fetch topics for -1002387132758: GetForumTopicsRequest.__init__() got an unexpected keyword argument 'channel'
2026-04-28 17:06:16  WARNING   TGBot — [UnifiedFetch] Failed to fetch topics for -1002256623070: GetForumTopicsRequest.__init__() got an unexpected keyword argument 'channel'
2026-04-28 17:06:16  WARNING   TGBot — [UnifiedFetch] Failed to fetch topics for -1003769414150: GetForumTopicsRequest.__init__() got an unexpected keyword argument 'channel'
2026-04-28 17:08:17  WARNING   TGBot — [UnifiedFetch] Failed to fetch topics for -1002528685086: GetForumTopicsRequest.__init__() got an unexpected keyword argument 'channel'
2026-04-28 17:08:17  WARNING   TGBot — [UnifiedFetch] Failed to fetch topics for -1002387132758: GetForumTopicsRequest.__init__() got an unexpected keyword argument 'channel'
2026-04-28 17:08:17  WARNING   TGBot — [UnifiedFetch] Failed to fetch topics for -1002256623070: GetForumTopicsRequest.__init__() got an unexpected keyword argument 'channel'
2026-04-28 17:08:17  WARNING   TGBot — [UnifiedFetch] Failed to fetch topics for -1003769414150: GetForumTopicsRequest.__init__() got an unexpected keyword argument 'channel'
2026-04-28 17:10:19  WARNING   TGBot — [UnifiedFetch] Failed to fetch topics for -1002528685086: GetForumTopicsRequest.__init__() got an unexpected keyword argument 'channel'
2026-04-28 17:10:19  WARNING   TGBot — [UnifiedFetch] Failed to fetch topics for -1002256623070: GetForumTopicsRequest.__init__() got an unexpected keyword argument 'channel'
2026-04-28 17:10:19  WARNING   TGBot — [UnifiedFetch] Failed to fetch topics for -1002387132758: GetForumTopicsRequest.__init__() got an unexpected keyword argument 'channel'
2026-04-28 17:10:19  WARNING   TGBot — [UnifiedFetch] Failed to fetch topics for -1003769414150: GetForumTopicsRequest.__init__() got an unexpected keyword argument 'channel'
2026-04-28 17:12:20  WARNING   TGBot — [UnifiedFetch] Failed to fetch topics for -1002528685086: GetForumTopicsRequest.__init__() got an unexpected keyword argument 'channel'
2026-04-28 17:12:20  WARNING   TGBot — [UnifiedFetch] Failed to fetch topics for -1002387132758: GetForumTopicsRequest.__init__() got an unexpected keyword argument 'channel'
2026-04-28 17:12:20  WARNING   TGBot — [UnifiedFetch] Failed to fetch topics for -1002256623070: GetForumTopicsRequest.__init__() got an unexpected keyword argument 'channel'
2026-04-28 17:12:20  WARNING   TGBot — [UnifiedFetch] Failed to fetch topics for -1003769414150: GetForumTopicsRequest.__init__() got an unexpected keyword argument 'channel'
2026-04-28 17:14:30  INFO      TGBot — [User 5048281046] Storage loaded. loop_active_accounts={}
2026-04-28 17:14:31  INFO      TGBot — [User 5048281046] Account reconnected: Ysf (+919732399359)
2026-04-28 17:14:31  INFO      TGBot — [User 5048281046] Recovery: loop states reset (manual restart required).
2026-04-28 17:14:31  INFO      TGBot — Recovery done. Active jobs: []
2026-04-28 17:14:31  INFO      TGBot — 🤖  Bot online. OWNER_ID=5048281046
2026-04-28 17:14:31  INFO      TGBot — 📋  Loaded 1 user(s): [5048281046]
2026-04-28 17:14:31  INFO      TGBot — [AutoFetch] Background polling started (interval=120s).
2026-04-28 18:42:53  ERROR     aiogram.dispatcher — Failed to fetch updates - TelegramNetworkError: HTTP Client says - Request timeout error
2026-04-28 18:42:53  WARNING   aiogram.dispatcher — Sleep for 1.000000 seconds and try again... (tryings = 0, bot id = 8794799522)
2026-04-28 18:42:53  WARNING   telethon.network.connection.connection — Server closed the connection: [WinError 1236] The network connection was aborted by the local system
2026-04-28 18:42:53  INFO      telethon.network.connection.connection — <class 'ConnectionAbortedError'> during disconnect: [WinError 1236] The network connection was aborted by the local system
2026-04-28 18:42:54  WARNING   telethon.network.mtprotostate — Server resent the older message 7633797438813856769, ignoring
2026-04-28 18:42:55  WARNING   TGBot — [UnifiedFetch] Failed to fetch topics for -1002528685086: GetForumTopicsRequest.__init__() got an unexpected keyword argument 'channel'
2026-04-28 18:42:55  WARNING   TGBot — [UnifiedFetch] Failed to fetch topics for -1002256623070: GetForumTopicsRequest.__init__() got an unexpected keyword argument 'channel'
2026-04-28 18:42:55  WARNING   TGBot — [UnifiedFetch] Failed to fetch topics for -1002387132758: GetForumTopicsRequest.__init__() got an unexpected keyword argument 'channel'
2026-04-28 18:42:55  WARNING   TGBot — [UnifiedFetch] Failed to fetch topics for -1003769414150: GetForumTopicsRequest.__init__() got an unexpected keyword argument 'channel'
2026-04-28 18:44:56  WARNING   TGBot — [UnifiedFetch] Failed to fetch topics for -1002528685086: GetForumTopicsRequest.__init__() got an unexpected keyword argument 'channel'
2026-04-28 18:44:56  WARNING   TGBot — [UnifiedFetch] Failed to fetch topics for -1002256623070: GetForumTopicsRequest.__init__() got an unexpected keyword argument 'channel'
2026-04-28 18:44:56  WARNING   TGBot — [UnifiedFetch] Failed to fetch topics for -1002387132758: GetForumTopicsRequest.__init__() got an unexpected keyword argument 'channel'
2026-04-28 18:44:56  WARNING   TGBot — [UnifiedFetch] Failed to fetch topics for -1003769414150: GetForumTopicsRequest.__init__() got an unexpected keyword argument 'channel'
2026-04-28 18:46:57  WARNING   TGBot — [UnifiedFetch] Failed to fetch topics for -1002528685086: GetForumTopicsRequest.__init__() got an unexpected keyword argument 'channel'
2026-04-28 18:46:57  WARNING   TGBot — [UnifiedFetch] Failed to fetch topics for -1002256623070: GetForumTopicsRequest.__init__() got an unexpected keyword argument 'channel'
2026-04-28 18:46:57  WARNING   TGBot — [UnifiedFetch] Failed to fetch topics for -1002387132758: GetForumTopicsRequest.__init__() got an unexpected keyword argument 'channel'
2026-04-28 18:46:57  WARNING   TGBot — [UnifiedFetch] Failed to fetch topics for -1003769414150: GetForumTopicsRequest.__init__() got an unexpected keyword argument 'channel'
2026-04-28 18:49:00  WARNING   TGBot — [UnifiedFetch] Failed to fetch topics for -1002256623070: GetForumTopicsRequest.__init__() got an unexpected keyword argument 'channel'
2026-04-28 18:49:00  WARNING   TGBot — [UnifiedFetch] Failed to fetch topics for -1002528685086: GetForumTopicsRequest.__init__() got an unexpected keyword argument 'channel'
2026-04-28 18:49:00  WARNING   TGBot — [UnifiedFetch] Failed to fetch topics for -1002387132758: GetForumTopicsRequest.__init__() got an unexpected keyword argument 'channel'
2026-04-28 18:49:00  WARNING   TGBot — [UnifiedFetch] Failed to fetch topics for -1003769414150: GetForumTopicsRequest.__init__() got an unexpected keyword argument 'channel'
2026-04-28 18:49:56  INFO      TGBot — [User 5048281046] Storage loaded. loop_active_accounts={}
2026-04-28 18:49:58  INFO      TGBot — [User 5048281046] Account reconnected: Ysf (+919732399359)
2026-04-28 18:49:58  INFO      TGBot — [User 5048281046] Recovery: loop states reset (manual restart required).
2026-04-28 18:49:58  INFO      TGBot — Recovery done. Active jobs: []
2026-04-28 18:49:58  INFO      TGBot — 🤖  Bot online. OWNER_ID=5048281046
2026-04-28 18:49:58  INFO      TGBot — 📋  Loaded 1 user(s): [5048281046]
2026-04-28 18:49:58  INFO      TGBot — [AutoFetch] Background polling started (interval=120s).
2026-04-28 18:50:02  ERROR     aiogram.dispatcher — Failed to fetch updates - TelegramConflictError: Telegram server says - Conflict: terminated by other getUpdates request; make sure that only one bot instance is running
2026-04-28 18:50:02  WARNING   aiogram.dispatcher — Sleep for 1.000000 seconds and try again... (tryings = 0, bot id = 8794799522)
2026-04-28 18:50:07  ERROR     aiogram.dispatcher — Failed to fetch updates - TelegramConflictError: Telegram server says - Conflict: terminated by other getUpdates request; make sure that only one bot instance is running
2026-04-28 18:50:07  WARNING   aiogram.dispatcher — Sleep for 1.000000 seconds and try again... (tryings = 0, bot id = 8794799522)
2026-04-28 18:50:08  ERROR     aiogram.dispatcher — Failed to fetch updates - TelegramConflictError: Telegram server says - Conflict: terminated by other getUpdates request; make sure that only one bot instance is running
2026-04-28 18:50:08  WARNING   aiogram.dispatcher — Sleep for 1.317151 seconds and try again... (tryings = 1, bot id = 8794799522)
2026-04-28 18:50:13  ERROR     aiogram.dispatcher — Failed to fetch updates - TelegramConflictError: Telegram server says - Conflict: terminated by other getUpdates request; make sure that only one bot instance is running
2026-04-28 18:50:13  WARNING   aiogram.dispatcher — Sleep for 1.405884 seconds and try again... (tryings = 1, bot id = 8794799522)
2026-04-28 18:50:14  ERROR     aiogram.dispatcher — Failed to fetch updates - TelegramConflictError: Telegram server says - Conflict: terminated by other getUpdates request; make sure that only one bot instance is running
2026-04-28 18:50:14  WARNING   aiogram.dispatcher — Sleep for 1.809071 seconds and try again... (tryings = 2, bot id = 8794799522)
2026-04-28 18:50:19  ERROR     aiogram.dispatcher — Failed to fetch updates - TelegramConflictError: Telegram server says - Conflict: terminated by other getUpdates request; make sure that only one bot instance is running
2026-04-28 18:50:19  WARNING   aiogram.dispatcher — Sleep for 1.774173 seconds and try again... (tryings = 2, bot id = 8794799522)
2026-04-28 18:50:22  ERROR     aiogram.dispatcher — Failed to fetch updates - TelegramConflictError: Telegram server says - Conflict: terminated by other getUpdates request; make sure that only one bot instance is running
2026-04-28 18:50:22  WARNING   aiogram.dispatcher — Sleep for 2.387435 seconds and try again... (tryings = 3, bot id = 8794799522)
2026-04-28 18:50:27  ERROR     aiogram.dispatcher — Failed to fetch updates - TelegramConflictError: Telegram server says - Conflict: terminated by other getUpdates request; make sure that only one bot instance is running
2026-04-28 18:50:27  WARNING   aiogram.dispatcher — Sleep for 2.194196 seconds and try again... (tryings = 3, bot id = 8794799522)
2026-04-28 18:50:30  ERROR     aiogram.dispatcher — Failed to fetch updates - TelegramConflictError: Telegram server says - Conflict: terminated by other getUpdates request; make sure that only one bot instance is running
2026-04-28 18:50:30  WARNING   aiogram.dispatcher — Sleep for 3.258154 seconds and try again... (tryings = 4, bot id = 8794799522)
2026-04-28 18:50:33  ERROR     aiogram.dispatcher — Failed to fetch updates - TelegramConflictError: Telegram server says - Conflict: terminated by other getUpdates request; make sure that only one bot instance is running
2026-04-28 18:50:33  WARNING   aiogram.dispatcher — Sleep for 2.853111 seconds and try again... (tryings = 4, bot id = 8794799522)
2026-04-28 18:50:36  ERROR     aiogram.dispatcher — Failed to fetch updates - TelegramConflictError: Telegram server says - Conflict: terminated by other getUpdates request; make sure that only one bot instance is running
2026-04-28 18:50:36  WARNING   aiogram.dispatcher — Sleep for 4.380364 seconds and try again... (tryings = 5, bot id = 8794799522)
2026-04-28 18:50:41  ERROR     aiogram.dispatcher — Failed to fetch updates - TelegramConflictError: Telegram server says - Conflict: terminated by other getUpdates request; make sure that only one bot instance is running
2026-04-28 18:50:41  WARNING   aiogram.dispatcher — Sleep for 3.645983 seconds and try again... (tryings = 5, bot id = 8794799522)
2026-04-28 18:50:45  ERROR     aiogram.dispatcher — Failed to fetch updates - TelegramConflictError: Telegram server says - Conflict: terminated by other getUpdates request; make sure that only one bot instance is running
2026-04-28 18:50:45  WARNING   aiogram.dispatcher — Sleep for 4.786396 seconds and try again... (tryings = 6, bot id = 8794799522)
2026-04-28 18:50:50  ERROR     aiogram.dispatcher — Failed to fetch updates - TelegramConflictError: Telegram server says - Conflict: terminated by other getUpdates request; make sure that only one bot instance is running
2026-04-28 18:50:50  WARNING   aiogram.dispatcher — Sleep for 4.857402 seconds and try again... (tryings = 6, bot id = 8794799522)
2026-04-28 18:50:58  ERROR     aiogram.dispatcher — Failed to fetch updates - TelegramConflictError: Telegram server says - Conflict: terminated by other getUpdates request; make sure that only one bot instance is running
2026-04-28 18:50:58  WARNING   aiogram.dispatcher — Sleep for 5.036978 seconds and try again... (tryings = 7, bot id = 8794799522)
2026-04-28 18:51:02  WARNING   TGBot — [UnifiedFetch] Failed to fetch topics for -1002528685086: GetForumTopicsRequest.__init__() got an unexpected keyword argument 'channel'
2026-04-28 18:51:02  WARNING   TGBot — [UnifiedFetch] Failed to fetch topics for -1002387132758: GetForumTopicsRequest.__init__() got an unexpected keyword argument 'channel'
2026-04-28 18:51:02  WARNING   TGBot — [UnifiedFetch] Failed to fetch topics for -1002256623070: GetForumTopicsRequest.__init__() got an unexpected keyword argument 'channel'
2026-04-28 18:51:02  WARNING   TGBot — [UnifiedFetch] Failed to fetch topics for -1003769414150: GetForumTopicsRequest.__init__() got an unexpected keyword argument 'channel'
2026-04-28 18:51:03  ERROR     aiogram.dispatcher — Failed to fetch updates - TelegramConflictError: Telegram server says - Conflict: terminated by other getUpdates request; make sure that only one bot instance is running
2026-04-28 18:51:03  WARNING   aiogram.dispatcher — Sleep for 5.165985 seconds and try again... (tryings = 7, bot id = 8794799522)
2026-04-28 18:51:09  ERROR     aiogram.dispatcher — Failed to fetch updates - TelegramConflictError: Telegram server says - Conflict: terminated by other getUpdates request; make sure that only one bot instance is running
2026-04-28 18:51:09  WARNING   aiogram.dispatcher — Sleep for 4.880216 seconds and try again... (tryings = 8, bot id = 8794799522)
2026-04-28 18:51:14  ERROR     aiogram.dispatcher — Failed to fetch updates - TelegramConflictError: Telegram server says - Conflict: terminated by other getUpdates request; make sure that only one bot instance is running
2026-04-28 18:51:14  WARNING   aiogram.dispatcher — Sleep for 1.000000 seconds and try again... (tryings = 0, bot id = 8794799522)
2026-04-28 18:51:18  ERROR     aiogram.dispatcher — Failed to fetch updates - TelegramConflictError: Telegram server says - Conflict: terminated by other getUpdates request; make sure that only one bot instance is running
2026-04-28 18:51:18  WARNING   aiogram.dispatcher — Sleep for 4.952604 seconds and try again... (tryings = 9, bot id = 8794799522)
2026-04-28 18:51:23  ERROR     aiogram.dispatcher — Failed to fetch updates - TelegramConflictError: Telegram server says - Conflict: terminated by other getUpdates request; make sure that only one bot instance is running
2026-04-28 18:51:23  WARNING   aiogram.dispatcher — Sleep for 1.000000 seconds and try again... (tryings = 0, bot id = 8794799522)
2026-04-28 18:51:27  ERROR     aiogram.dispatcher — Failed to fetch updates - TelegramConflictError: Telegram server says - Conflict: terminated by other getUpdates request; make sure that only one bot instance is running
2026-04-28 18:51:27  WARNING   aiogram.dispatcher — Sleep for 5.082413 seconds and try again... (tryings = 10, bot id = 8794799522)
2026-04-28 18:51:33  ERROR     aiogram.dispatcher — Failed to fetch updates - TelegramConflictError: Telegram server says - Conflict: terminated by other getUpdates request; make sure that only one bot instance is running
2026-04-28 18:51:33  WARNING   aiogram.dispatcher — Sleep for 1.000000 seconds and try again... (tryings = 0, bot id = 8794799522)
2026-04-28 18:51:37  ERROR     aiogram.dispatcher — Failed to fetch updates - TelegramConflictError: Telegram server says - Conflict: terminated by other getUpdates request; make sure that only one bot instance is running
2026-04-28 18:51:37  WARNING   aiogram.dispatcher — Sleep for 1.000000 seconds and try again... (tryings = 0, bot id = 8794799522)
2026-04-28 18:51:39  ERROR     aiogram.dispatcher — Failed to fetch updates - TelegramConflictError: Telegram server says - Conflict: terminated by other getUpdates request; make sure that only one bot instance is running
2026-04-28 18:51:39  WARNING   aiogram.dispatcher — Sleep for 1.000000 seconds and try again... (tryings = 0, bot id = 8794799522)
2026-04-28 18:51:43  ERROR     aiogram.dispatcher — Failed to fetch updates - TelegramConflictError: Telegram server says - Conflict: terminated by other getUpdates request; make sure that only one bot instance is running
2026-04-28 18:51:43  WARNING   aiogram.dispatcher — Sleep for 1.000000 seconds and try again... (tryings = 0, bot id = 8794799522)
2026-04-28 18:51:44  ERROR     aiogram.dispatcher — Failed to fetch updates - TelegramConflictError: Telegram server says - Conflict: terminated by other getUpdates request; make sure that only one bot instance is running
2026-04-28 18:51:44  WARNING   aiogram.dispatcher — Sleep for 1.000000 seconds and try again... (tryings = 0, bot id = 8794799522)
2026-04-28 18:51:48  ERROR     aiogram.dispatcher — Failed to fetch updates - TelegramConflictError: Telegram server says - Conflict: terminated by other getUpdates request; make sure that only one bot instance is running
2026-04-28 18:51:48  WARNING   aiogram.dispatcher — Sleep for 1.234301 seconds and try again... (tryings = 1, bot id = 8794799522)
2026-04-28 18:51:50  ERROR     aiogram.dispatcher — Failed to fetch updates - TelegramConflictError: Telegram server says - Conflict: terminated by other getUpdates request; make sure that only one bot instance is running
2026-04-28 18:51:50  WARNING   aiogram.dispatcher — Sleep for 1.000000 seconds and try again... (tryings = 0, bot id = 8794799522)
2026-04-28 18:51:54  ERROR     aiogram.dispatcher — Failed to fetch updates - TelegramConflictError: Telegram server says - Conflict: terminated by other getUpdates request; make sure that only one bot instance is running
2026-04-28 18:51:54  WARNING   aiogram.dispatcher — Sleep for 1.519637 seconds and try again... (tryings = 2, bot id = 8794799522)
2026-04-28 18:51:56  ERROR     aiogram.dispatcher — Failed to fetch updates - TelegramConflictError: Telegram server says - Conflict: terminated by other getUpdates request; make sure that only one bot instance is running
2026-04-28 18:51:56  WARNING   aiogram.dispatcher — Sleep for 1.417158 seconds and try again... (tryings = 1, bot id = 8794799522)
2026-04-28 18:51:59  WARNING   TGBot — [UnifiedFetch] Failed to fetch topics for -1002256623070: GetForumTopicsRequest.__init__() got an unexpected keyword argument 'channel'
2026-04-28 18:51:59  WARNING   TGBot — [UnifiedFetch] Failed to fetch topics for -1002387132758: GetForumTopicsRequest.__init__() got an unexpected keyword argument 'channel'
2026-04-28 18:51:59  WARNING   TGBot — [UnifiedFetch] Failed to fetch topics for -1002528685086: GetForumTopicsRequest.__init__() got an unexpected keyword argument 'channel'
2026-04-28 18:51:59  WARNING   TGBot — [UnifiedFetch] Failed to fetch topics for -1003769414150: GetForumTopicsRequest.__init__() got an unexpected keyword argument 'channel'
2026-04-28 18:52:00  ERROR     aiogram.dispatcher — Failed to fetch updates - TelegramConflictError: Telegram server says - Conflict: terminated by other getUpdates request; make sure that only one bot instance is running
2026-04-28 18:52:00  WARNING   aiogram.dispatcher — Sleep for 1.980002 seconds and try again... (tryings = 3, bot id = 8794799522)
2026-04-28 18:52:03  ERROR     aiogram.dispatcher — Failed to fetch updates - TelegramConflictError: Telegram server says - Conflict: terminated by other getUpdates request; make sure that only one bot instance is running
2026-04-28 18:52:03  WARNING   aiogram.dispatcher — Sleep for 1.716537 seconds and try again... (tryings = 2, bot id = 8794799522)
2026-04-28 18:52:08  ERROR     aiogram.dispatcher — Failed to fetch updates - TelegramConflictError: Telegram server says - Conflict: terminated by other getUpdates request; make sure that only one bot instance is running
2026-04-28 18:52:08  WARNING   aiogram.dispatcher — Sleep for 2.543973 seconds and try again... (tryings = 4, bot id = 8794799522)
2026-04-28 18:52:10  ERROR     aiogram.dispatcher — Failed to fetch updates - TelegramConflictError: Telegram server says - Conflict: terminated by other getUpdates request; make sure that only one bot instance is running
2026-04-28 18:52:10  WARNING   aiogram.dispatcher — Sleep for 2.209360 seconds and try again... (tryings = 3, bot id = 8794799522)
2026-04-28 18:52:16  ERROR     aiogram.dispatcher — Failed to fetch updates - TelegramConflictError: Telegram server says - Conflict: terminated by other getUpdates request; make sure that only one bot instance is running
2026-04-28 18:52:16  WARNING   aiogram.dispatcher — Sleep for 3.175707 seconds and try again... (tryings = 5, bot id = 8794799522)
2026-04-28 18:52:19  ERROR     aiogram.dispatcher — Failed to fetch updates - TelegramConflictError: Telegram server says - Conflict: terminated by other getUpdates request; make sure that only one bot instance is running
2026-04-28 18:52:19  WARNING   aiogram.dispatcher — Sleep for 2.849566 seconds and try again... (tryings = 4, bot id = 8794799522)
2026-04-28 18:52:22  ERROR     aiogram.dispatcher — Failed to fetch updates - TelegramConflictError: Telegram server says - Conflict: terminated by other getUpdates request; make sure that only one bot instance is running
2026-04-28 18:52:22  WARNING   aiogram.dispatcher — Sleep for 4.048557 seconds and try again... (tryings = 6, bot id = 8794799522)
2026-04-28 18:52:27  ERROR     aiogram.dispatcher — Failed to fetch updates - TelegramConflictError: Telegram server says - Conflict: terminated by other getUpdates request; make sure that only one bot instance is running
2026-04-28 18:52:27  WARNING   aiogram.dispatcher — Sleep for 3.597238 seconds and try again... (tryings = 5, bot id = 8794799522)
2026-04-28 18:52:31  ERROR     aiogram.dispatcher — Failed to fetch updates - TelegramConflictError: Telegram server says - Conflict: terminated by other getUpdates request; make sure that only one bot instance is running
2026-04-28 18:52:31  WARNING   aiogram.dispatcher — Sleep for 4.910100 seconds and try again... (tryings = 7, bot id = 8794799522)
2026-04-28 18:52:36  ERROR     aiogram.dispatcher — Failed to fetch updates - TelegramConflictError: Telegram server says - Conflict: terminated by other getUpdates request; make sure that only one bot instance is running
2026-04-28 18:52:36  WARNING   aiogram.dispatcher — Sleep for 4.756975 seconds and try again... (tryings = 6, bot id = 8794799522)
2026-04-28 18:52:41  ERROR     aiogram.dispatcher — Failed to fetch updates - TelegramConflictError: Telegram server says - Conflict: terminated by other getUpdates request; make sure that only one bot instance is running
2026-04-28 18:52:41  WARNING   aiogram.dispatcher — Sleep for 5.095790 seconds and try again... (tryings = 8, bot id = 8794799522)
2026-04-28 18:52:46  ERROR     aiogram.dispatcher — Failed to fetch updates - TelegramConflictError: Telegram server says - Conflict: terminated by other getUpdates request; make sure that only one bot instance is running
2026-04-28 18:52:46  WARNING   aiogram.dispatcher — Sleep for 4.930054 seconds and try again... (tryings = 7, bot id = 8794799522)
2026-04-28 18:52:51  ERROR     aiogram.dispatcher — Failed to fetch updates - TelegramConflictError: Telegram server says - Conflict: terminated by other getUpdates request; make sure that only one bot instance is running
2026-04-28 18:52:51  WARNING   aiogram.dispatcher — Sleep for 5.113022 seconds and try again... (tryings = 9, bot id = 8794799522)
2026-04-28 18:52:57  ERROR     aiogram.dispatcher — Failed to fetch updates - TelegramConflictError: Telegram server says - Conflict: terminated by other getUpdates request; make sure that only one bot instance is running
2026-04-28 18:52:57  WARNING   aiogram.dispatcher — Sleep for 5.097456 seconds and try again... (tryings = 8, bot id = 8794799522)
2026-04-28 18:53:02  ERROR     aiogram.dispatcher — Failed to fetch updates - TelegramConflictError: Telegram server says - Conflict: terminated by other getUpdates request; make sure that only one bot instance is running
2026-04-28 18:53:02  WARNING   aiogram.dispatcher — Sleep for 5.033715 seconds and try again... (tryings = 10, bot id = 8794799522)
2026-04-28 18:53:03  WARNING   TGBot — [UnifiedFetch] Failed to fetch topics for -1002528685086: GetForumTopicsRequest.__init__() got an unexpected keyword argument 'channel'
2026-04-28 18:53:03  WARNING   TGBot — [UnifiedFetch] Failed to fetch topics for -1002256623070: GetForumTopicsRequest.__init__() got an unexpected keyword argument 'channel'
2026-04-28 18:53:03  WARNING   TGBot — [UnifiedFetch] Failed to fetch topics for -1002387132758: GetForumTopicsRequest.__init__() got an unexpected keyword argument 'channel'
2026-04-28 18:53:03  WARNING   TGBot — [UnifiedFetch] Failed to fetch topics for -1003769414150: GetForumTopicsRequest.__init__() got an unexpected keyword argument 'channel'
2026-04-28 18:53:07  ERROR     aiogram.dispatcher — Failed to fetch updates - TelegramConflictError: Telegram server says - Conflict: terminated by other getUpdates request; make sure that only one bot instance is running
2026-04-28 18:53:07  WARNING   aiogram.dispatcher — Sleep for 5.012216 seconds and try again... (tryings = 9, bot id = 8794799522)
2026-04-28 18:53:13  ERROR     aiogram.dispatcher — Failed to fetch updates - TelegramConflictError: Telegram server says - Conflict: terminated by other getUpdates request; make sure that only one bot instance is running
2026-04-28 18:53:13  WARNING   aiogram.dispatcher — Sleep for 4.988720 seconds and try again... (tryings = 11, bot id = 8794799522)
2026-04-28 18:53:18  ERROR     aiogram.dispatcher — Failed to fetch updates - TelegramConflictError: Telegram server says - Conflict: terminated by other getUpdates request; make sure that only one bot instance is running
2026-04-28 18:53:18  WARNING   aiogram.dispatcher — Sleep for 4.901190 seconds and try again... (tryings = 10, bot id = 8794799522)
2026-04-28 18:53:23  ERROR     aiogram.dispatcher — Failed to fetch updates - TelegramConflictError: Telegram server says - Conflict: terminated by other getUpdates request; make sure that only one bot instance is running
2026-04-28 18:53:23  WARNING   aiogram.dispatcher — Sleep for 4.941468 seconds and try again... (tryings = 12, bot id = 8794799522)
2026-04-28 18:53:28  ERROR     aiogram.dispatcher — Failed to fetch updates - TelegramConflictError: Telegram server says - Conflict: terminated by other getUpdates request; make sure that only one bot instance is running
2026-04-28 18:53:28  WARNING   aiogram.dispatcher — Sleep for 5.046143 seconds and try again... (tryings = 11, bot id = 8794799522)
2026-04-28 18:53:33  ERROR     aiogram.dispatcher — Failed to fetch updates - TelegramConflictError: Telegram server says - Conflict: terminated by other getUpdates request; make sure that only one bot instance is running
2026-04-28 18:53:33  WARNING   aiogram.dispatcher — Sleep for 4.962386 seconds and try again... (tryings = 13, bot id = 8794799522)
2026-04-28 18:53:39  ERROR     aiogram.dispatcher — Failed to fetch updates - TelegramConflictError: Telegram server says - Conflict: terminated by other getUpdates request; make sure that only one bot instance is running
2026-04-28 18:53:39  WARNING   aiogram.dispatcher — Sleep for 4.982805 seconds and try again... (tryings = 12, bot id = 8794799522)
2026-04-28 18:53:44  ERROR     aiogram.dispatcher — Failed to fetch updates - TelegramConflictError: Telegram server says - Conflict: terminated by other getUpdates request; make sure that only one bot instance is running
2026-04-28 18:53:44  WARNING   aiogram.dispatcher — Sleep for 5.142394 seconds and try again... (tryings = 14, bot id = 8794799522)
2026-04-28 18:53:50  ERROR     aiogram.dispatcher — Failed to fetch updates - TelegramConflictError: Telegram server says - Conflict: terminated by other getUpdates request; make sure that only one bot instance is running
2026-04-28 18:53:50  WARNING   aiogram.dispatcher — Sleep for 4.946897 seconds and try again... (tryings = 13, bot id = 8794799522)
2026-04-28 18:53:55  ERROR     aiogram.dispatcher — Failed to fetch updates - TelegramConflictError: Telegram server says - Conflict: terminated by other getUpdates request; make sure that only one bot instance is running
2026-04-28 18:53:55  WARNING   aiogram.dispatcher — Sleep for 4.818143 seconds and try again... (tryings = 15, bot id = 8794799522)
2026-04-28 18:54:00  WARNING   TGBot — [UnifiedFetch] Failed to fetch topics for -1002528685086: GetForumTopicsRequest.__init__() got an unexpected keyword argument 'channel'
2026-04-28 18:54:00  WARNING   TGBot — [UnifiedFetch] Failed to fetch topics for -1002387132758: GetForumTopicsRequest.__init__() got an unexpected keyword argument 'channel'
2026-04-28 18:54:00  WARNING   TGBot — [UnifiedFetch] Failed to fetch topics for -1002256623070: GetForumTopicsRequest.__init__() got an unexpected keyword argument 'channel'
2026-04-28 18:54:00  WARNING   TGBot — [UnifiedFetch] Failed to fetch topics for -1003769414150: GetForumTopicsRequest.__init__() got an unexpected keyword argument 'channel'
2026-04-28 18:54:00  ERROR     aiogram.dispatcher — Failed to fetch updates - TelegramConflictError: Telegram server says - Conflict: terminated by other getUpdates request; make sure that only one bot instance is running
2026-04-28 18:54:00  WARNING   aiogram.dispatcher — Sleep for 4.931939 seconds and try again... (tryings = 14, bot id = 8794799522)
2026-04-28 18:54:05  ERROR     aiogram.dispatcher — Failed to fetch updates - TelegramConflictError: Telegram server says - Conflict: terminated by other getUpdates request; make sure that only one bot instance is running
2026-04-28 18:54:05  WARNING   aiogram.dispatcher — Sleep for 4.999091 seconds and try again... (tryings = 16, bot id = 8794799522)
2026-04-28 18:54:10  ERROR     aiogram.dispatcher — Failed to fetch updates - TelegramConflictError: Telegram server says - Conflict: terminated by other getUpdates request; make sure that only one bot instance is running
2026-04-28 18:54:10  WARNING   aiogram.dispatcher — Sleep for 4.902760 seconds and try again... (tryings = 15, bot id = 8794799522)
2026-04-28 18:54:16  ERROR     aiogram.dispatcher — Failed to fetch updates - TelegramConflictError: Telegram server says - Conflict: terminated by other getUpdates request; make sure that only one bot instance is running
2026-04-28 18:54:16  WARNING   aiogram.dispatcher — Sleep for 4.967104 seconds and try again... (tryings = 17, bot id = 8794799522)
2026-04-28 18:54:23  ERROR     aiogram.dispatcher — Failed to fetch updates - TelegramConflictError: Telegram server says - Conflict: terminated by other getUpdates request; make sure that only one bot instance is running
2026-04-28 18:54:23  WARNING   aiogram.dispatcher — Sleep for 5.054440 seconds and try again... (tryings = 16, bot id = 8794799522)
2026-04-28 18:54:28  ERROR     aiogram.dispatcher — Failed to fetch updates - TelegramConflictError: Telegram server says - Conflict: terminated by other getUpdates request; make sure that only one bot instance is running
2026-04-28 18:54:28  WARNING   aiogram.dispatcher — Sleep for 4.942001 seconds and try again... (tryings = 18, bot id = 8794799522)
2026-04-28 18:54:33  ERROR     aiogram.dispatcher — Failed to fetch updates - TelegramConflictError: Telegram server says - Conflict: terminated by other getUpdates request; make sure that only one bot instance is running
2026-04-28 18:54:33  WARNING   aiogram.dispatcher — Sleep for 4.975424 seconds and try again... (tryings = 17, bot id = 8794799522)
2026-04-28 18:54:39  ERROR     aiogram.dispatcher — Failed to fetch updates - TelegramConflictError: Telegram server says - Conflict: terminated by other getUpdates request; make sure that only one bot instance is running
2026-04-28 18:54:39  WARNING   aiogram.dispatcher — Sleep for 5.034410 seconds and try again... (tryings = 19, bot id = 8794799522)
2026-04-28 18:54:51  INFO      TGBot — [User 5048281046] Storage loaded. loop_active_accounts={}
2026-04-28 18:54:57  ERROR     TGBot — [User 5048281046] Reconnect failed for +919732399359: database is locked
2026-04-28 18:54:57  INFO      TGBot — [User 5048281046] Recovery: loop states reset (manual restart required).
2026-04-28 18:54:57  INFO      TGBot — Recovery done. Active jobs: []
2026-04-28 18:54:57  INFO      TGBot — 🤖  Bot online. OWNER_ID=5048281046
2026-04-28 18:54:57  INFO      TGBot — 📋  Loaded 1 user(s): [5048281046]
2026-04-28 18:54:57  INFO      TGBot — [AutoFetch] Background polling started (interval=120s).
2026-04-28 18:54:58  ERROR     aiogram.dispatcher — Failed to fetch updates - TelegramConflictError: Telegram server says - Conflict: terminated by other getUpdates request; make sure that only one bot instance is running
2026-04-28 18:54:58  WARNING   aiogram.dispatcher — Sleep for 1.000000 seconds and try again... (tryings = 0, bot id = 8794799522)
2026-04-28 18:55:02  ERROR     aiogram.dispatcher — Failed to fetch updates - TelegramConflictError: Telegram server says - Conflict: terminated by other getUpdates request; make sure that only one bot instance is running
2026-04-28 18:55:02  WARNING   aiogram.dispatcher — Sleep for 1.000000 seconds and try again... (tryings = 0, bot id = 8794799522)
2026-04-28 18:55:03  ERROR     aiogram.dispatcher — Failed to fetch updates - TelegramConflictError: Telegram server says - Conflict: terminated by other getUpdates request; make sure that only one bot instance is running
2026-04-28 18:55:03  WARNING   aiogram.dispatcher — Sleep for 1.292856 seconds and try again... (tryings = 1, bot id = 8794799522)
2026-04-28 18:55:08  ERROR     aiogram.dispatcher — Failed to fetch updates - TelegramConflictError: Telegram server says - Conflict: terminated by other getUpdates request; make sure that only one bot instance is running
2026-04-28 18:55:08  WARNING   aiogram.dispatcher — Sleep for 1.335339 seconds and try again... (tryings = 1, bot id = 8794799522)
2026-04-28 18:55:09  ERROR     aiogram.dispatcher — Failed to fetch updates - TelegramConflictError: Telegram server says - Conflict: terminated by other getUpdates request; make sure that only one bot instance is running
2026-04-28 18:55:09  WARNING   aiogram.dispatcher — Sleep for 1.752659 seconds and try again... (tryings = 2, bot id = 8794799522)
2026-04-28 18:56:01  WARNING   TGBot — [UnifiedFetch] Failed to fetch topics for -1002256623070: GetForumTopicsRequest.__init__() got an unexpected keyword argument 'channel'
2026-04-28 18:56:01  WARNING   TGBot — [UnifiedFetch] Failed to fetch topics for -1002528685086: GetForumTopicsRequest.__init__() got an unexpected keyword argument 'channel'
2026-04-28 18:56:01  WARNING   TGBot — [UnifiedFetch] Failed to fetch topics for -1002387132758: GetForumTopicsRequest.__init__() got an unexpected keyword argument 'channel'
2026-04-28 18:56:01  WARNING   TGBot — [UnifiedFetch] Failed to fetch topics for -1003769414150: GetForumTopicsRequest.__init__() got an unexpected keyword argument 'channel'
2026-04-28 18:58:03  WARNING   TGBot — [UnifiedFetch] Failed to fetch topics for -1002528685086: GetForumTopicsRequest.__init__() got an unexpected keyword argument 'channel'
2026-04-28 18:58:03  WARNING   TGBot — [UnifiedFetch] Failed to fetch topics for -1002387132758: GetForumTopicsRequest.__init__() got an unexpected keyword argument 'channel'
2026-04-28 18:58:03  WARNING   TGBot — [UnifiedFetch] Failed to fetch topics for -1002256623070: GetForumTopicsRequest.__init__() got an unexpected keyword argument 'channel'
2026-04-28 18:58:03  WARNING   TGBot — [UnifiedFetch] Failed to fetch topics for -1003769414150: GetForumTopicsRequest.__init__() got an unexpected keyword argument 'channel'
2026-04-28 19:00:04  WARNING   TGBot — [UnifiedFetch] Failed to fetch topics for -1002256623070: GetForumTopicsRequest.__init__() got an unexpected keyword argument 'channel'
2026-04-28 19:00:04  WARNING   TGBot — [UnifiedFetch] Failed to fetch topics for -1002528685086: GetForumTopicsRequest.__init__() got an unexpected keyword argument 'channel'
2026-04-28 19:00:04  WARNING   TGBot — [UnifiedFetch] Failed to fetch topics for -1002387132758: GetForumTopicsRequest.__init__() got an unexpected keyword argument 'channel'
2026-04-28 19:00:04  WARNING   TGBot — [UnifiedFetch] Failed to fetch topics for -1003769414150: GetForumTopicsRequest.__init__() got an unexpected keyword argument 'channel'
2026-04-28 19:02:05  WARNING   TGBot — [UnifiedFetch] Failed to fetch topics for -1002528685086: GetForumTopicsRequest.__init__() got an unexpected keyword argument 'channel'
2026-04-28 19:02:05  WARNING   TGBot — [UnifiedFetch] Failed to fetch topics for -1002387132758: GetForumTopicsRequest.__init__() got an unexpected keyword argument 'channel'
2026-04-28 19:02:05  WARNING   TGBot — [UnifiedFetch] Failed to fetch topics for -1002256623070: GetForumTopicsRequest.__init__() got an unexpected keyword argument 'channel'
2026-04-28 19:02:05  WARNING   TGBot — [UnifiedFetch] Failed to fetch topics for -1003769414150: GetForumTopicsRequest.__init__() got an unexpected keyword argument 'channel'
2026-04-28 19:04:07  WARNING   TGBot — [UnifiedFetch] Failed to fetch topics for -1002528685086: GetForumTopicsRequest.__init__() got an unexpected keyword argument 'channel'
2026-04-28 19:04:07  WARNING   TGBot — [UnifiedFetch] Failed to fetch topics for -1002256623070: GetForumTopicsRequest.__init__() got an unexpected keyword argument 'channel'
2026-04-28 19:04:07  WARNING   TGBot — [UnifiedFetch] Failed to fetch topics for -1002387132758: GetForumTopicsRequest.__init__() got an unexpected keyword argument 'channel'
2026-04-28 19:04:07  WARNING   TGBot — [UnifiedFetch] Failed to fetch topics for -1003769414150: GetForumTopicsRequest.__init__() got an unexpected keyword argument 'channel'
2026-04-28 19:06:10  WARNING   TGBot — [UnifiedFetch] Failed to fetch topics for -1002528685086: GetForumTopicsRequest.__init__() got an unexpected keyword argument 'channel'
2026-04-28 19:06:10  WARNING   TGBot — [UnifiedFetch] Failed to fetch topics for -1002256623070: GetForumTopicsRequest.__init__() got an unexpected keyword argument 'channel'
2026-04-28 19:06:10  WARNING   TGBot — [UnifiedFetch] Failed to fetch topics for -1002387132758: GetForumTopicsRequest.__init__() got an unexpected keyword argument 'channel'
2026-04-28 19:06:10  WARNING   TGBot — [UnifiedFetch] Failed to fetch topics for -1003769414150: GetForumTopicsRequest.__init__() got an unexpected keyword argument 'channel'
2026-04-28 19:08:11  WARNING   TGBot — [UnifiedFetch] Failed to fetch topics for -1002528685086: GetForumTopicsRequest.__init__() got an unexpected keyword argument 'channel'
2026-04-28 19:08:11  WARNING   TGBot — [UnifiedFetch] Failed to fetch topics for -1002387132758: GetForumTopicsRequest.__init__() got an unexpected keyword argument 'channel'
2026-04-28 19:08:11  WARNING   TGBot — [UnifiedFetch] Failed to fetch topics for -1002256623070: GetForumTopicsRequest.__init__() got an unexpected keyword argument 'channel'
2026-04-28 19:08:11  WARNING   TGBot — [UnifiedFetch] Failed to fetch topics for -1003769414150: GetForumTopicsRequest.__init__() got an unexpected keyword argument 'channel'
2026-04-28 19:10:13  WARNING   TGBot — [UnifiedFetch] Failed to fetch topics for -1002528685086: GetForumTopicsRequest.__init__() got an unexpected keyword argument 'channel'
2026-04-28 19:10:13  WARNING   TGBot — [UnifiedFetch] Failed to fetch topics for -1002387132758: GetForumTopicsRequest.__init__() got an unexpected keyword argument 'channel'
2026-04-28 19:10:13  WARNING   TGBot — [UnifiedFetch] Failed to fetch topics for -1002256623070: GetForumTopicsRequest.__init__() got an unexpected keyword argument 'channel'
2026-04-28 19:10:13  WARNING   TGBot — [UnifiedFetch] Failed to fetch topics for -1003769414150: GetForumTopicsRequest.__init__() got an unexpected keyword argument 'channel'
2026-04-28 19:12:15  WARNING   TGBot — [UnifiedFetch] Failed to fetch topics for -1002387132758: GetForumTopicsRequest.__init__() got an unexpected keyword argument 'channel'
2026-04-28 19:12:15  WARNING   TGBot — [UnifiedFetch] Failed to fetch topics for -1002256623070: GetForumTopicsRequest.__init__() got an unexpected keyword argument 'channel'
2026-04-28 19:12:15  WARNING   TGBot — [UnifiedFetch] Failed to fetch topics for -1002528685086: GetForumTopicsRequest.__init__() got an unexpected keyword argument 'channel'
2026-04-28 19:12:15  WARNING   TGBot — [UnifiedFetch] Failed to fetch topics for -1003769414150: GetForumTopicsRequest.__init__() got an unexpected keyword argument 'channel'
2026-04-28 19:12:37  INFO      TGBot — [User 5048281046] Storage loaded. loop_active_accounts={}
2026-04-28 19:12:38  INFO      TGBot — [User 5048281046] Account reconnected: Ysf (+919732399359)
2026-04-28 19:12:38  INFO      TGBot — [User 5048281046] Recovery: loop states reset (manual restart required).
2026-04-28 19:12:38  INFO      TGBot — Recovery done. Active jobs: []
2026-04-28 19:12:38  INFO      TGBot — 🤖  Bot online. OWNER_ID=5048281046
2026-04-28 19:12:38  INFO      TGBot — 📋  Loaded 1 user(s): [5048281046]
2026-04-28 19:14:18  INFO      TGBot — [User 5048281046] Loop job registered for +919732399359 (every 300s).
2026-04-28 19:14:18  INFO      TGBot — [User 5048281046][+919732399359] Text broadcast round #1 started [Telethon][Topic] (3 groups).
2026-04-28 19:14:18  ERROR     TGBot —   ✗ [TL] Topic send failed for 'Texted Forums' (topic=3): Invalid message type: <class 'telethon.tl.types.InputReplyToMessage'>
2026-04-28 19:14:24  ERROR     TGBot —   ✗ [TL] Topic send failed for 'Sector Market' (topic=6): Invalid message type: <class 'telethon.tl.types.InputReplyToMessage'>
2026-04-28 19:14:29  ERROR     TGBot —   ✗ [TL] Topic send failed for 'FLIPS' (topic=2): Invalid message type: <class 'telethon.tl.types.InputReplyToMessage'>
2026-04-28 19:14:29  INFO      TGBot — [User 5048281046][+919732399359] ✅ Broadcast round #1 done [Telethon]. Sent=0 Failed=3
2026-04-28 19:15:06  INFO      TGBot — [User 5048281046] Loop job removed for +919732399359.
2026-04-28 19:20:02  INFO      TGBot — [User 5048281046] Storage loaded. loop_active_accounts={'+919732399359': False}
2026-04-28 19:20:18  INFO      TGBot — [User 5048281046] Storage loaded. loop_active_accounts={'+919732399359': False}
2026-04-28 19:20:24  ERROR     TGBot — [User 5048281046] Reconnect failed for +919732399359: database is locked
2026-04-28 19:20:24  INFO      TGBot — [User 5048281046] Recovery: loop states reset (manual restart required).
2026-04-28 19:20:24  INFO      TGBot — Recovery done. Active jobs: []
2026-04-28 19:20:24  INFO      TGBot — 🤖  Bot online. OWNER_ID=5048281046
2026-04-28 19:20:24  INFO      TGBot — 📋  Loaded 1 user(s): [5048281046]
2026-04-28 19:20:25  ERROR     aiogram.dispatcher — Failed to fetch updates - TelegramConflictError: Telegram server says - Conflict: terminated by other getUpdates request; make sure that only one bot instance is running
2026-04-28 19:20:25  WARNING   aiogram.dispatcher — Sleep for 1.000000 seconds and try again... (tryings = 0, bot id = 8794799522)
2026-04-28 19:20:29  ERROR     aiogram.dispatcher — Failed to fetch updates - TelegramConflictError: Telegram server says - Conflict: terminated by other getUpdates request; make sure that only one bot instance is running
2026-04-28 19:20:29  WARNING   aiogram.dispatcher — Sleep for 1.000000 seconds and try again... (tryings = 0, bot id = 8794799522)
2026-04-28 19:20:31  ERROR     aiogram.dispatcher — Failed to fetch updates - TelegramConflictError: Telegram server says - Conflict: terminated by other getUpdates request; make sure that only one bot instance is running
2026-04-28 19:20:31  WARNING   aiogram.dispatcher — Sleep for 1.483571 seconds and try again... (tryings = 1, bot id = 8794799522)
2026-04-28 19:20:36  ERROR     aiogram.dispatcher — Failed to fetch updates - TelegramConflictError: Telegram server says - Conflict: terminated by other getUpdates request; make sure that only one bot instance is running
2026-04-28 19:20:36  WARNING   aiogram.dispatcher — Sleep for 1.239072 seconds and try again... (tryings = 1, bot id = 8794799522)
2026-04-28 19:20:37  ERROR     aiogram.dispatcher — Failed to fetch updates - TelegramConflictError: Telegram server says - Conflict: terminated by other getUpdates request; make sure that only one bot instance is running
2026-04-28 19:20:37  WARNING   aiogram.dispatcher — Sleep for 1.000000 seconds and try again... (tryings = 0, bot id = 8794799522)
2026-04-28 19:20:41  ERROR     aiogram.dispatcher — Failed to fetch updates - TelegramConflictError: Telegram server says - Conflict: terminated by other getUpdates request; make sure that only one bot instance is running
2026-04-28 19:20:41  WARNING   aiogram.dispatcher — Sleep for 1.581887 seconds and try again... (tryings = 2, bot id = 8794799522)
2026-04-28 19:20:43  ERROR     aiogram.dispatcher — Failed to fetch updates - TelegramConflictError: Telegram server says - Conflict: terminated by other getUpdates request; make sure that only one bot instance is running
2026-04-28 19:20:43  WARNING   aiogram.dispatcher — Sleep for 1.000000 seconds and try again... (tryings = 0, bot id = 8794799522)
2026-04-28 19:20:47  ERROR     aiogram.dispatcher — Failed to fetch updates - TelegramConflictError: Telegram server says - Conflict: terminated by other getUpdates request; make sure that only one bot instance is running
2026-04-28 19:20:47  WARNING   aiogram.dispatcher — Sleep for 1.000000 seconds and try again... (tryings = 0, bot id = 8794799522)
2026-04-28 19:20:49  INFO      TGBot — [User 5048281046] Loop job registered for +919732399359 (every 300s).
2026-04-28 19:20:49  INFO      TGBot — [User 5048281046][+919732399359] Text broadcast round #2 started [Telethon][Topic] (3 groups).
2026-04-28 19:20:49  ERROR     TGBot —   ✗ [TL] Topic send failed for 'Texted Forums' (topic=3): Invalid message type: <class 'telethon.tl.types.InputReplyToMessage'>
2026-04-28 19:20:49  ERROR     aiogram.dispatcher — Failed to fetch updates - TelegramConflictError: Telegram server says - Conflict: terminated by other getUpdates request; make sure that only one bot instance is running
2026-04-28 19:20:49  WARNING   aiogram.dispatcher — Sleep for 1.000000 seconds and try again... (tryings = 0, bot id = 8794799522)
2026-04-28 19:20:52  ERROR     TGBot —   ✗ [TL] Topic send failed for 'Sector Market' (topic=6): Invalid message type: <class 'telethon.tl.types.InputReplyToMessage'>
2026-04-28 19:20:53  ERROR     aiogram.dispatcher — Failed to fetch updates - TelegramConflictError: Telegram server says - Conflict: terminated by other getUpdates request; make sure that only one bot instance is running
2026-04-28 19:20:53  WARNING   aiogram.dispatcher — Sleep for 1.294012 seconds and try again... (tryings = 1, bot id = 8794799522)
2026-04-28 19:20:54  ERROR     TGBot —   ✗ [TL] Topic send failed for 'FLIPS' (topic=2): Invalid message type: <class 'telethon.tl.types.InputReplyToMessage'>
2026-04-28 19:20:54  INFO      TGBot — [User 5048281046][+919732399359] ✅ Broadcast round #2 done [Telethon]. Sent=0 Failed=3
2026-04-28 19:20:54  ERROR     aiogram.dispatcher — Failed to fetch updates - TelegramConflictError: Telegram server says - Conflict: terminated by other getUpdates request; make sure that only one bot instance is running
2026-04-28 19:20:54  WARNING   aiogram.dispatcher — Sleep for 1.198986 seconds and try again... (tryings = 1, bot id = 8794799522)
2026-04-28 19:20:59  ERROR     aiogram.dispatcher — Failed to fetch updates - TelegramConflictError: Telegram server says - Conflict: terminated by other getUpdates request; make sure that only one bot instance is running
2026-04-28 19:20:59  WARNING   aiogram.dispatcher — Sleep for 1.882253 seconds and try again... (tryings = 2, bot id = 8794799522)
2026-04-28 19:21:01  ERROR     aiogram.dispatcher — Failed to fetch updates - TelegramConflictError: Telegram server says - Conflict: terminated by other getUpdates request; make sure that only one bot instance is running
2026-04-28 19:21:01  WARNING   aiogram.dispatcher — Sleep for 1.602892 seconds and try again... (tryings = 2, bot id = 8794799522)
2026-04-28 19:21:06  ERROR     aiogram.dispatcher — Failed to fetch updates - TelegramConflictError: Telegram server says - Conflict: terminated by other getUpdates request; make sure that only one bot instance is running
2026-04-28 19:21:06  WARNING   aiogram.dispatcher — Sleep for 2.471420 seconds and try again... (tryings = 3, bot id = 8794799522)
2026-04-28 19:21:09  ERROR     aiogram.dispatcher — Failed to fetch updates - TelegramConflictError: Telegram server says - Conflict: terminated by other getUpdates request; make sure that only one bot instance is running
2026-04-28 19:21:09  WARNING   aiogram.dispatcher — Sleep for 1.846372 seconds and try again... (tryings = 3, bot id = 8794799522)
2026-04-28 19:21:14  ERROR     aiogram.dispatcher — Failed to fetch updates - TelegramConflictError: Telegram server says - Conflict: terminated by other getUpdates request; make sure that only one bot instance is running
2026-04-28 19:21:14  WARNING   aiogram.dispatcher — Sleep for 3.146578 seconds and try again... (tryings = 4, bot id = 8794799522)
2026-04-28 19:21:16  INFO      TGBot — [User 5048281046] Loop job removed for +919732399359.
2026-04-28 19:21:17  ERROR     aiogram.dispatcher — Failed to fetch updates - TelegramConflictError: Telegram server says - Conflict: terminated by other getUpdates request; make sure that only one bot instance is running
2026-04-28 19:21:17  WARNING   aiogram.dispatcher — Sleep for 1.000000 seconds and try again... (tryings = 0, bot id = 8794799522)
2026-04-28 19:21:21  ERROR     aiogram.dispatcher — Failed to fetch updates - TelegramConflictError: Telegram server says - Conflict: terminated by other getUpdates request; make sure that only one bot instance is running
2026-04-28 19:21:21  WARNING   aiogram.dispatcher — Sleep for 1.000000 seconds and try again... (tryings = 0, bot id = 8794799522)
2026-04-28 19:21:23  ERROR     aiogram.dispatcher — Failed to fetch updates - TelegramConflictError: Telegram server says - Conflict: terminated by other getUpdates request; make sure that only one bot instance is running
2026-04-28 19:21:23  WARNING   aiogram.dispatcher — Sleep for 1.000000 seconds and try again... (tryings = 0, bot id = 8794799522)
2026-04-28 19:21:27  ERROR     aiogram.dispatcher — Failed to fetch updates - TelegramConflictError: Telegram server says - Conflict: terminated by other getUpdates request; make sure that only one bot instance is running
2026-04-28 19:21:27  WARNING   aiogram.dispatcher — Sleep for 1.265293 seconds and try again... (tryings = 1, bot id = 8794799522)
2026-04-28 19:21:28  ERROR     aiogram.dispatcher — Failed to fetch updates - TelegramConflictError: Telegram server says - Conflict: terminated by other getUpdates request; make sure that only one bot instance is running
2026-04-28 19:21:28  WARNING   aiogram.dispatcher — Sleep for 1.000000 seconds and try again... (tryings = 0, bot id = 8794799522)
2026-04-28 19:21:33  ERROR     aiogram.dispatcher — Failed to fetch updates - TelegramConflictError: Telegram server says - Conflict: terminated by other getUpdates request; make sure that only one bot instance is running
2026-04-28 19:21:33  WARNING   aiogram.dispatcher — Sleep for 1.599728 seconds and try again... (tryings = 2, bot id = 8794799522)
2026-04-28 19:21:34  ERROR     aiogram.dispatcher — Failed to fetch updates - TelegramConflictError: Telegram server says - Conflict: terminated by other getUpdates request; make sure that only one bot instance is running
2026-04-28 19:21:34  WARNING   aiogram.dispatcher — Sleep for 1.000000 seconds and try again... (tryings = 0, bot id = 8794799522)
2026-04-28 19:21:39  ERROR     aiogram.dispatcher — Failed to fetch updates - TelegramConflictError: Telegram server says - Conflict: terminated by other getUpdates request; make sure that only one bot instance is running
2026-04-28 19:21:39  WARNING   aiogram.dispatcher — Sleep for 2.171046 seconds and try again... (tryings = 3, bot id = 8794799522)
2026-04-28 19:21:41  ERROR     aiogram.dispatcher — Failed to fetch updates - TelegramConflictError: Telegram server says - Conflict: terminated by other getUpdates request; make sure that only one bot instance is running
2026-04-28 19:21:41  WARNING   aiogram.dispatcher — Sleep for 1.229714 seconds and try again... (tryings = 1, bot id = 8794799522)
2026-04-28 19:21:46  ERROR     aiogram.dispatcher — Failed to fetch updates - TelegramConflictError: Telegram server says - Conflict: terminated by other getUpdates request; make sure that only one bot instance is running
2026-04-28 19:21:46  WARNING   aiogram.dispatcher — Sleep for 2.772743 seconds and try again... (tryings = 4, bot id = 8794799522)
2026-04-28 19:21:49  ERROR     aiogram.dispatcher — Failed to fetch updates - TelegramConflictError: Telegram server says - Conflict: terminated by other getUpdates request; make sure that only one bot instance is running
2026-04-28 19:21:49  WARNING   aiogram.dispatcher — Sleep for 1.000000 seconds and try again... (tryings = 0, bot id = 8794799522)
2026-04-28 19:21:53  ERROR     aiogram.dispatcher — Failed to fetch updates - TelegramConflictError: Telegram server says - Conflict: terminated by other getUpdates request; make sure that only one bot instance is running
2026-04-28 19:21:53  WARNING   aiogram.dispatcher — Sleep for 1.000000 seconds and try again... (tryings = 0, bot id = 8794799522)
2026-04-28 19:21:54  ERROR     aiogram.dispatcher — Failed to fetch updates - TelegramConflictError: Telegram server says - Conflict: terminated by other getUpdates request; make sure that only one bot instance is running
2026-04-28 19:21:54  WARNING   aiogram.dispatcher — Sleep for 1.000000 seconds and try again... (tryings = 0, bot id = 8794799522)
2026-04-28 19:21:58  ERROR     aiogram.dispatcher — Failed to fetch updates - TelegramConflictError: Telegram server says - Conflict: terminated by other getUpdates request; make sure that only one bot instance is running
2026-04-28 19:21:58  WARNING   aiogram.dispatcher — Sleep for 1.137153 seconds and try again... (tryings = 1, bot id = 8794799522)
2026-04-28 19:22:00  ERROR     aiogram.dispatcher — Failed to fetch updates - TelegramConflictError: Telegram server says - Conflict: terminated by other getUpdates request; make sure that only one bot instance is running
2026-04-28 19:22:00  WARNING   aiogram.dispatcher — Sleep for 1.000000 seconds and try again... (tryings = 0, bot id = 8794799522)
2026-04-28 19:22:06  ERROR     TGBot — [User 5048281046] Failed to get active client for +919732399359: database is locked
2026-04-28 19:22:06  INFO      TGBot — [User 5048281046] Loop job registered for +919732399359 (every 300s).
2026-04-28 19:22:06  ERROR     aiogram.dispatcher — Failed to fetch updates - TelegramConflictError: Telegram server says - Conflict: terminated by other getUpdates request; make sure that only one bot instance is running
2026-04-28 19:22:06  WARNING   aiogram.dispatcher — Sleep for 1.000000 seconds and try again... (tryings = 0, bot id = 8794799522)
2026-04-28 19:22:11  ERROR     TGBot — [User 5048281046][+919732399359] Failed to get Telethon client: database is locked
2026-04-28 19:22:11  CRITICAL  TGBot — [User 5048281046][+919732399359] No Telethon client — text broadcast ABORTED. Check session.
2026-04-28 19:22:11  ERROR     aiogram.dispatcher — Failed to fetch updates - TelegramConflictError: Telegram server says - Conflict: terminated by other getUpdates request; make sure that only one bot instance is running
2026-04-28 19:22:11  WARNING   aiogram.dispatcher — Sleep for 1.000000 seconds and try again... (tryings = 0, bot id = 8794799522)
2026-04-28 19:22:16  ERROR     aiogram.dispatcher — Failed to fetch updates - TelegramConflictError: Telegram server says - Conflict: terminated by other getUpdates request; make sure that only one bot instance is running
2026-04-28 19:22:16  WARNING   aiogram.dispatcher — Sleep for 1.359057 seconds and try again... (tryings = 1, bot id = 8794799522)
2026-04-28 19:22:17  ERROR     aiogram.dispatcher — Failed to fetch updates - TelegramConflictError: Telegram server says - Conflict: terminated by other getUpdates request; make sure that only one bot instance is running
2026-04-28 19:22:17  WARNING   aiogram.dispatcher — Sleep for 1.269077 seconds and try again... (tryings = 1, bot id = 8794799522)
2026-04-28 19:22:22  ERROR     aiogram.dispatcher — Failed to fetch updates - TelegramConflictError: Telegram server says - Conflict: terminated by other getUpdates request; make sure that only one bot instance is running
2026-04-28 19:22:22  WARNING   aiogram.dispatcher — Sleep for 1.783766 seconds and try again... (tryings = 2, bot id = 8794799522)
2026-04-28 19:22:24  ERROR     aiogram.dispatcher — Failed to fetch updates - TelegramConflictError: Telegram server says - Conflict: terminated by other getUpdates request; make sure that only one bot instance is running
2026-04-28 19:22:24  WARNING   aiogram.dispatcher — Sleep for 1.612332 seconds and try again... (tryings = 2, bot id = 8794799522)
2026-04-28 19:22:29  ERROR     aiogram.dispatcher — Failed to fetch updates - TelegramConflictError: Telegram server says - Conflict: terminated by other getUpdates request; make sure that only one bot instance is running
2026-04-28 19:22:29  WARNING   aiogram.dispatcher — Sleep for 2.411638 seconds and try again... (tryings = 3, bot id = 8794799522)
2026-04-28 19:22:31  ERROR     aiogram.dispatcher — Failed to fetch updates - TelegramConflictError: Telegram server says - Conflict: terminated by other getUpdates request; make sure that only one bot instance is running
2026-04-28 19:22:31  WARNING   aiogram.dispatcher — Sleep for 2.193351 seconds and try again... (tryings = 3, bot id = 8794799522)
2026-04-28 19:22:37  ERROR     aiogram.dispatcher — Failed to fetch updates - TelegramConflictError: Telegram server says - Conflict: terminated by other getUpdates request; make sure that only one bot instance is running
2026-04-28 19:22:37  WARNING   aiogram.dispatcher — Sleep for 3.149854 seconds and try again... (tryings = 4, bot id = 8794799522)
2026-04-28 19:22:40  ERROR     aiogram.dispatcher — Failed to fetch updates - TelegramConflictError: Telegram server says - Conflict: terminated by other getUpdates request; make sure that only one bot instance is running
2026-04-28 19:22:40  WARNING   aiogram.dispatcher — Sleep for 2.911748 seconds and try again... (tryings = 4, bot id = 8794799522)
2026-04-28 19:22:43  ERROR     aiogram.dispatcher — Failed to fetch updates - TelegramConflictError: Telegram server says - Conflict: terminated by other getUpdates request; make sure that only one bot instance is running
2026-04-28 19:22:43  WARNING   aiogram.dispatcher — Sleep for 4.121504 seconds and try again... (tryings = 5, bot id = 8794799522)
2026-04-28 19:22:47  ERROR     aiogram.dispatcher — Failed to fetch updates - TelegramConflictError: Telegram server says - Conflict: terminated by other getUpdates request; make sure that only one bot instance is running
2026-04-28 19:22:47  WARNING   aiogram.dispatcher — Sleep for 3.587713 seconds and try again... (tryings = 5, bot id = 8794799522)
2026-04-28 19:22:51  ERROR     aiogram.dispatcher — Failed to fetch updates - TelegramConflictError: Telegram server says - Conflict: terminated by other getUpdates request; make sure that only one bot instance is running
2026-04-28 19:22:51  WARNING   aiogram.dispatcher — Sleep for 4.905021 seconds and try again... (tryings = 6, bot id = 8794799522)
